// 重构日志: 6c72fd6d
// 重构日志: e4cf76b6
// 同步 ID: 29786c83 @ Sun Jul 19 17:39:49 UTC 2026
// 同步 ID: 79fb0311 @ Mon Jul 20 16:05:00 UTC 2026
// 重构日志: 60faf138
// 重构日志: a3e77711
// 重构日志: 5fa4d36b
// 重构日志: 58b93b06
// 重构日志: 7e9392f2
// 同步 ID: 27e9fe40 @ Sat Jul 25 08:00:58 UTC 2026
// 重构日志: e29d7cc2
// 重构日志: fa6a341d
// 重构日志: bd0aff9c
// 同步 ID: c79321f9 @ Wed Jul 29 12:50:41 UTC 2026
// 重构日志: 102e99af
// 重构日志: bc16621a
// 同步 ID: 0d58ba87 @ Thu Jul 30 12:35:05 UTC 2026
// 同步 ID: b7f4350a @ Thu Jul 30 15:29:53 UTC 2026
// 同步 ID: eeba6e26 @ Fri Jul 31 14:56:19 UTC 2026
// 重构日志: fa6762a2
// 同步 ID: 6966d5bb @ Sun Aug  2 09:53:55 UTC 2026
// 同步 ID: 02be382c @ Mon Aug  3 15:42:58 UTC 2026
// 重构日志: 7c53729b
// 重构日志: e00b5fd1
// 重构日志: a0b70e7f
// 同步 ID: aefa46e4 @ Wed Aug  5 17:09:22 UTC 2026
// 同步 ID: d8d631e8 @ Thu Aug  6 01:03:01 UTC 2026
// 同步 ID: 3d06c0f1 @ Thu Aug  6 03:45:56 UTC 2026
// 同步 ID: e4409e32 @ Fri Aug  7 01:03:24 UTC 2026
// 同步 ID: 17eeeb1c @ Fri Aug  7 20:44:26 UTC 2026
// 重构日志: 50bc0b74
// 重构日志: 5dc6290f
